This is pdfTeX, Version 3.141592653-2.6-1.40.22 (TeX Live 2022/dev/Debian) (preloaded format=pdflatex 2025.9.4)  14 NOV 2025 13:54
entering extended mode
 restricted \write18 enabled.
 file:line:error style messages enabled.
 %&-line parsing enabled.
**"/home/emmanuel/Desktop/VAP Teaching Docs/Math_Teaching_Docs/Elementary_Linear_Algebra/LA_Presentation_1.tex"
(/home/emmanuel/Desktop/VAP Teaching Docs/Math_Teaching_Docs/Elementary_Linear_Algebra/LA_Presentation_1.tex
LaTeX2e <2021-11-15> patch level 1
L3 programming layer <2022-01-21> (/usr/share/texlive/texmf-dist/tex/latex/beamer/beamer.cls
Document Class: beamer 2022/01/21 v3.65 A class for typesetting presentations
(/usr/share/texlive/texmf-dist/tex/latex/beamer/beamerbasemodes.sty (/usr/share/texlive/texmf-dist/tex/latex/etoolbox/etoolbox.sty
Package: etoolbox 2020/10/05 v2.5k e-TeX tools for LaTeX (JAW)
\etb@tempcnta=\count185
)
\beamer@tempbox=\box50
\beamer@tempcount=\count186
\c@beamerpauses=\count187
 (/usr/share/texlive/texmf-dist/tex/latex/beamer/beamerbasedecode.sty
\beamer@slideinframe=\count188
\beamer@minimum=\count189
\beamer@decode@box=\box51
)
\beamer@commentbox=\box52
\beamer@modecount=\count190
) (/usr/share/texlive/texmf-dist/tex/generic/iftex/ifpdf.sty
Package: ifpdf 2019/10/25 v3.4 ifpdf legacy package. Use iftex instead.
 (/usr/share/texlive/texmf-dist/tex/generic/iftex/iftex.sty
Package: iftex 2020/03/06 v1.0d TeX engine tests
))
\headdp=\dimen138
\footheight=\dimen139
\sidebarheight=\dimen140
\beamer@tempdim=\dimen141
\beamer@finalheight=\dimen142
\beamer@animht=\dimen143
\beamer@animdp=\dimen144
\beamer@animwd=\dimen145
\beamer@leftmargin=\dimen146
\beamer@rightmargin=\dimen147
\beamer@leftsidebar=\dimen148
\beamer@rightsidebar=\dimen149
\beamer@boxsize=\dimen150
\beamer@vboxoffset=\dimen151
\beamer@descdefault=\dimen152
\beamer@descriptionwidth=\dimen153
\beamer@lastskip=\skip47
\beamer@areabox=\box53
\beamer@animcurrent=\box54
\beamer@animshowbox=\box55
\beamer@sectionbox=\box56
\beamer@logobox=\box57
\beamer@linebox=\box58
\beamer@sectioncount=\count191
\beamer@subsubsectionmax=\count192
\beamer@subsectionmax=\count193
\beamer@sectionmax=\count194
\beamer@totalheads=\count195
\beamer@headcounter=\count196
\beamer@partstartpage=\count197
\beamer@sectionstartpage=\count198
\beamer@subsectionstartpage=\count199
\beamer@animationtempa=\count266
\beamer@animationtempb=\count267
\beamer@xpos=\count268
\beamer@ypos=\count269
\beamer@ypos@offset=\count270
\beamer@showpartnumber=\count271
\beamer@currentsubsection=\count272
\beamer@coveringdepth=\count273
\beamer@sectionadjust=\count274
\beamer@toclastsection=\count275
\beamer@tocsectionnumber=\count276
 (/usr/share/texlive/texmf-dist/tex/latex/beamer/beamerbaseoptions.sty (/usr/share/texlive/texmf-dist/tex/latex/graphics/keyval.sty
Package: keyval 2014/10/28 v1.15 key=value parser (DPC)
\KV@toks@=\toks16
))
\beamer@paperwidth=\skip48
\beamer@paperheight=\skip49
 (/usr/share/texlive/texmf-dist/tex/latex/geometry/geometry.sty
Package: geometry 2020/01/02 v5.9 Page Geometry
 (/usr/share/texlive/texmf-dist/tex/generic/iftex/ifvtex.sty
Package: ifvtex 2019/10/25 v1.7 ifvtex legacy package. Use iftex instead.
)
\Gm@cnth=\count277
\Gm@cntv=\count278
\c@Gm@tempcnt=\count279
\Gm@bindingoffset=\dimen154
\Gm@wd@mp=\dimen155
\Gm@odd@mp=\dimen156
\Gm@even@mp=\dimen157
\Gm@layoutwidth=\dimen158
\Gm@layoutheight=\dimen159
\Gm@layouthoffset=\dimen160
\Gm@layoutvoffset=\dimen161
\Gm@dimlist=\toks17
) (/usr/share/texlive/texmf-dist/tex/latex/pgf/basiclayer/pgfcore.sty (/usr/share/texlive/texmf-dist/tex/latex/graphics/graphicx.sty
Package: graphicx 2021/09/16 v1.2d Enhanced LaTeX Graphics (DPC,SPQR)
 (/usr/share/texlive/texmf-dist/tex/latex/graphics/graphics.sty
Package: graphics 2021/03/04 v1.4d Standard LaTeX Graphics (DPC,SPQR)
 (/usr/share/texlive/texmf-dist/tex/latex/graphics/trig.sty
Package: trig 2021/08/11 v1.11 sin cos tan (DPC)
) (/usr/share/texlive/texmf-dist/tex/latex/graphics-cfg/graphics.cfg
File: graphics.cfg 2016/06/04 v1.11 sample graphics configuration
)
Package graphics Info: Driver file: pdftex.def on input line 107.
 (/usr/share/texlive/texmf-dist/tex/latex/graphics-def/pdftex.def
File: pdftex.def 2020/10/05 v1.2a Graphics/color driver for pdftex
))
\Gin@req@height=\dimen162
\Gin@req@width=\dimen163
) (/usr/share/texlive/texmf-dist/tex/latex/pgf/systemlayer/pgfsys.sty (/usr/share/texlive/texmf-dist/tex/latex/pgf/utilities/pgfrcs.sty (/usr/share/texlive/texmf-dist/tex/generic/pgf/utilities/pgfutil-common.tex
\pgfutil@everybye=\toks18
\pgfutil@tempdima=\dimen164
\pgfutil@tempdimb=\dimen165
 (/usr/share/texlive/texmf-dist/tex/generic/pgf/utilities/pgfutil-common-lists.tex)) (/usr/share/texlive/texmf-dist/tex/generic/pgf/utilities/pgfutil-latex.def
\pgfutil@abb=\box59
) (/usr/share/texlive/texmf-dist/tex/generic/pgf/utilities/pgfrcs.code.tex (/usr/share/texlive/texmf-dist/tex/generic/pgf/pgf.revision.tex)
Package: pgfrcs 2021/05/15 v3.1.9a (3.1.9a)
)) (/usr/share/texlive/texmf-dist/tex/generic/pgf/systemlayer/pgfsys.code.tex
Package: pgfsys 2021/05/15 v3.1.9a (3.1.9a)
 (/usr/share/texlive/texmf-dist/tex/generic/pgf/utilities/pgfkeys.code.tex
\pgfkeys@pathtoks=\toks19
\pgfkeys@temptoks=\toks20
 (/usr/share/texlive/texmf-dist/tex/generic/pgf/utilities/pgfkeysfiltered.code.tex
\pgfkeys@tmptoks=\toks21
))
\pgf@x=\dimen166
\pgf@y=\dimen167
\pgf@xa=\dimen168
\pgf@ya=\dimen169
\pgf@xb=\dimen170
\pgf@yb=\dimen171
\pgf@xc=\dimen172
\pgf@yc=\dimen173
\pgf@xd=\dimen174
\pgf@yd=\dimen175
\w@pgf@writea=\write3
\r@pgf@reada=\read2
\c@pgf@counta=\count280
\c@pgf@countb=\count281
\c@pgf@countc=\count282
\c@pgf@countd=\count283
\t@pgf@toka=\toks22
\t@pgf@tokb=\toks23
\t@pgf@tokc=\toks24
\pgf@sys@id@count=\count284
 (/usr/share/texlive/texmf-dist/tex/generic/pgf/systemlayer/pgf.cfg
File: pgf.cfg 2021/05/15 v3.1.9a (3.1.9a)
)
Driver file for pgf: pgfsys-pdftex.def
 (/usr/share/texlive/texmf-dist/tex/generic/pgf/systemlayer/pgfsys-pdftex.def
File: pgfsys-pdftex.def 2021/05/15 v3.1.9a (3.1.9a)
 (/usr/share/texlive/texmf-dist/tex/generic/pgf/systemlayer/pgfsys-common-pdf.def
File: pgfsys-common-pdf.def 2021/05/15 v3.1.9a (3.1.9a)
))) (/usr/share/texlive/texmf-dist/tex/generic/pgf/systemlayer/pgfsyssoftpath.code.tex
File: pgfsyssoftpath.code.tex 2021/05/15 v3.1.9a (3.1.9a)
\pgfsyssoftpath@smallbuffer@items=\count285
\pgfsyssoftpath@bigbuffer@items=\count286
) (/usr/share/texlive/texmf-dist/tex/generic/pgf/systemlayer/pgfsysprotocol.code.tex
File: pgfsysprotocol.code.tex 2021/05/15 v3.1.9a (3.1.9a)
)) (/usr/share/texlive/texmf-dist/tex/latex/xcolor/xcolor.sty
Package: xcolor 2021/10/31 v2.13 LaTeX color extensions (UK)
 (/usr/share/texlive/texmf-dist/tex/latex/graphics-cfg/color.cfg
File: color.cfg 2016/01/02 v1.6 sample color configuration
)
Package xcolor Info: Driver file: pdftex.def on input line 227.
Package xcolor Info: Model `cmy' substituted by `cmy0' on input line 1352.
Package xcolor Info: Model `hsb' substituted by `rgb' on input line 1356.
Package xcolor Info: Model `RGB' extended on input line 1368.
Package xcolor Info: Model `HTML' substituted by `rgb' on input line 1370.
Package xcolor Info: Model `Hsb' substituted by `hsb' on input line 1371.
Package xcolor Info: Model `tHsb' substituted by `hsb' on input line 1372.
Package xcolor Info: Model `HSB' substituted by `hsb' on input line 1373.
Package xcolor Info: Model `Gray' substituted by `gray' on input line 1374.
Package xcolor Info: Model `wave' substituted by `hsb' on input line 1375.
) (/usr/share/texlive/texmf-dist/tex/generic/pgf/basiclayer/pgfcore.code.tex
Package: pgfcore 2021/05/15 v3.1.9a (3.1.9a)
 (/usr/share/texlive/texmf-dist/tex/generic/pgf/math/pgfmath.code.tex (/usr/share/texlive/texmf-dist/tex/generic/pgf/math/pgfmathcalc.code.tex (/usr/share/texlive/texmf-dist/tex/generic/pgf/math/pgfmathutil.code.tex) (/usr/share/texlive/texmf-dist/tex/generic/pgf/math/pgfmathparser.code.tex
\pgfmath@dimen=\dimen176
\pgfmath@count=\count287
\pgfmath@box=\box60
\pgfmath@toks=\toks25
\pgfmath@stack@operand=\toks26
\pgfmath@stack@operation=\toks27
) (/usr/share/texlive/texmf-dist/tex/generic/pgf/math/pgfmathfunctions.code.tex (/usr/share/texlive/texmf-dist/tex/generic/pgf/math/pgfmathfunctions.basic.code.tex) (/usr/share/texlive/texmf-dist/tex/generic/pgf/math/pgfmathfunctions.trigonometric.code.tex) (/usr/share/texlive/texmf-dist/tex/generic/pgf/math/pgfmathfunctions.random.code.tex) (/usr/share/texlive/texmf-dist/tex/generic/pgf/math/pgfmathfunctions.comparison.code.tex) (/usr/share/texlive/texmf-dist/tex/generic/pgf/math/pgfmathfunctions.base.code.tex) (/usr/share/texlive/texmf-dist/tex/generic/pgf/math/pgfmathfunctions.round.code.tex) (/usr/share/texlive/texmf-dist/tex/generic/pgf/math/pgfmathfunctions.misc.code.tex) (/usr/share/texlive/texmf-dist/tex/generic/pgf/math/pgfmathfunctions.integerarithmetics.code.tex))) (/usr/share/texlive/texmf-dist/tex/generic/pgf/math/pgfmathfloat.code.tex
\c@pgfmathroundto@lastzeros=\count288
)) (/usr/share/texlive/texmf-dist/tex/generic/pgf/math/pgfint.code.tex) (/usr/share/texlive/texmf-dist/tex/generic/pgf/basiclayer/pgfcorepoints.code.tex
File: pgfcorepoints.code.tex 2021/05/15 v3.1.9a (3.1.9a)
\pgf@picminx=\dimen177
\pgf@picmaxx=\dimen178
\pgf@picminy=\dimen179
\pgf@picmaxy=\dimen180
\pgf@pathminx=\dimen181
\pgf@pathmaxx=\dimen182
\pgf@pathminy=\dimen183
\pgf@pathmaxy=\dimen184
\pgf@xx=\dimen185
\pgf@xy=\dimen186
\pgf@yx=\dimen187
\pgf@yy=\dimen188
\pgf@zx=\dimen189
\pgf@zy=\dimen190
) (/usr/share/texlive/texmf-dist/tex/generic/pgf/basiclayer/pgfcorepathconstruct.code.tex
File: pgfcorepathconstruct.code.tex 2021/05/15 v3.1.9a (3.1.9a)
\pgf@path@lastx=\dimen191
\pgf@path@lasty=\dimen192
) (/usr/share/texlive/texmf-dist/tex/generic/pgf/basiclayer/pgfcorepathusage.code.tex
File: pgfcorepathusage.code.tex 2021/05/15 v3.1.9a (3.1.9a)
\pgf@shorten@end@additional=\dimen193
\pgf@shorten@start@additional=\dimen194
) (/usr/share/texlive/texmf-dist/tex/generic/pgf/basiclayer/pgfcorescopes.code.tex
File: pgfcorescopes.code.tex 2021/05/15 v3.1.9a (3.1.9a)
\pgfpic=\box61
\pgf@hbox=\box62
\pgf@layerbox@main=\box63
\pgf@picture@serial@count=\count289
) (/usr/share/texlive/texmf-dist/tex/generic/pgf/basiclayer/pgfcoregraphicstate.code.tex
File: pgfcoregraphicstate.code.tex 2021/05/15 v3.1.9a (3.1.9a)
\pgflinewidth=\dimen195
) (/usr/share/texlive/texmf-dist/tex/generic/pgf/basiclayer/pgfcoretransformations.code.tex
File: pgfcoretransformations.code.tex 2021/05/15 v3.1.9a (3.1.9a)
\pgf@pt@x=\dimen196
\pgf@pt@y=\dimen197
\pgf@pt@temp=\dimen198
) (/usr/share/texlive/texmf-dist/tex/generic/pgf/basiclayer/pgfcorequick.code.tex
File: pgfcorequick.code.tex 2021/05/15 v3.1.9a (3.1.9a)
) (/usr/share/texlive/texmf-dist/tex/generic/pgf/basiclayer/pgfcoreobjects.code.tex
File: pgfcoreobjects.code.tex 2021/05/15 v3.1.9a (3.1.9a)
) (/usr/share/texlive/texmf-dist/tex/generic/pgf/basiclayer/pgfcorepathprocessing.code.tex
File: pgfcorepathprocessing.code.tex 2021/05/15 v3.1.9a (3.1.9a)
) (/usr/share/texlive/texmf-dist/tex/generic/pgf/basiclayer/pgfcorearrows.code.tex
File: pgfcorearrows.code.tex 2021/05/15 v3.1.9a (3.1.9a)
\pgfarrowsep=\dimen199
) (/usr/share/texlive/texmf-dist/tex/generic/pgf/basiclayer/pgfcoreshade.code.tex
File: pgfcoreshade.code.tex 2021/05/15 v3.1.9a (3.1.9a)
\pgf@max=\dimen256
\pgf@sys@shading@range@num=\count290
\pgf@shadingcount=\count291
) (/usr/share/texlive/texmf-dist/tex/generic/pgf/basiclayer/pgfcoreimage.code.tex
File: pgfcoreimage.code.tex 2021/05/15 v3.1.9a (3.1.9a)
 (/usr/share/texlive/texmf-dist/tex/generic/pgf/basiclayer/pgfcoreexternal.code.tex
File: pgfcoreexternal.code.tex 2021/05/15 v3.1.9a (3.1.9a)
\pgfexternal@startupbox=\box64
)) (/usr/share/texlive/texmf-dist/tex/generic/pgf/basiclayer/pgfcorelayers.code.tex
File: pgfcorelayers.code.tex 2021/05/15 v3.1.9a (3.1.9a)
) (/usr/share/texlive/texmf-dist/tex/generic/pgf/basiclayer/pgfcoretransparency.code.tex
File: pgfcoretransparency.code.tex 2021/05/15 v3.1.9a (3.1.9a)
) (/usr/share/texlive/texmf-dist/tex/generic/pgf/basiclayer/pgfcorepatterns.code.tex
File: pgfcorepatterns.code.tex 2021/05/15 v3.1.9a (3.1.9a)
) (/usr/share/texlive/texmf-dist/tex/generic/pgf/basiclayer/pgfcorerdf.code.tex
File: pgfcorerdf.code.tex 2021/05/15 v3.1.9a (3.1.9a)
))) (/usr/share/texlive/texmf-dist/tex/latex/base/size10.clo
File: size10.clo 2021/10/04 v1.4n Standard LaTeX file (size option)
) (/usr/share/texlive/texmf-dist/tex/latex/pgf/utilities/xxcolor.sty
Package: xxcolor 2003/10/24 ver 0.1
\XC@nummixins=\count292
\XC@countmixins=\count293
) (/usr/share/texlive/texmf-dist/tex/latex/base/atbegshi-ltx.sty
Package: atbegshi-ltx 2021/01/10 v1.0c Emulation of the original atbegshi
package with kernel methods
) (/usr/share/texlive/texmf-dist/tex/latex/hyperref/hyperref.sty
Package: hyperref 2021-06-07 v7.00m Hypertext links for LaTeX
 (/usr/share/texlive/texmf-dist/tex/generic/ltxcmds/ltxcmds.sty
Package: ltxcmds 2020-05-10 v1.25 LaTeX kernel commands for general use (HO)
) (/usr/share/texlive/texmf-dist/tex/generic/pdftexcmds/pdftexcmds.sty
Package: pdftexcmds 2020-06-27 v0.33 Utility functions of pdfTeX for LuaTeX (HO)
 (/usr/share/texlive/texmf-dist/tex/generic/infwarerr/infwarerr.sty
Package: infwarerr 2019/12/03 v1.5 Providing info/warning/error messages (HO)
)
Package pdftexcmds Info: \pdf@primitive is available.
Package pdftexcmds Info: \pdf@ifprimitive is available.
Package pdftexcmds Info: \pdfdraftmode found.
) (/usr/share/texlive/texmf-dist/tex/generic/kvsetkeys/kvsetkeys.sty
Package: kvsetkeys 2019/12/15 v1.18 Key value parser (HO)
) (/usr/share/texlive/texmf-dist/tex/generic/kvdefinekeys/kvdefinekeys.sty
Package: kvdefinekeys 2019-12-19 v1.6 Define keys (HO)
) (/usr/share/texlive/texmf-dist/tex/generic/pdfescape/pdfescape.sty
Package: pdfescape 2019/12/09 v1.15 Implements pdfTeX's escape features (HO)
) (/usr/share/texlive/texmf-dist/tex/latex/hycolor/hycolor.sty
Package: hycolor 2020-01-27 v1.10 Color options for hyperref/bookmark (HO)
) (/usr/share/texlive/texmf-dist/tex/latex/letltxmacro/letltxmacro.sty
Package: letltxmacro 2019/12/03 v1.6 Let assignment for LaTeX macros (HO)
) (/usr/share/texlive/texmf-dist/tex/latex/auxhook/auxhook.sty
Package: auxhook 2019-12-17 v1.6 Hooks for auxiliary files (HO)
) (/usr/share/texlive/texmf-dist/tex/latex/kvoptions/kvoptions.sty
Package: kvoptions 2020-10-07 v3.14 Key value format for package options (HO)
)
\@linkdim=\dimen257
\Hy@linkcounter=\count294
\Hy@pagecounter=\count295
 (/usr/share/texlive/texmf-dist/tex/latex/hyperref/pd1enc.def
File: pd1enc.def 2021-06-07 v7.00m Hyperref: PDFDocEncoding definition (HO)
Now handling font encoding PD1 ...
... no UTF-8 mapping file for font encoding PD1
) (/usr/share/texlive/texmf-dist/tex/latex/hyperref/hyperref-langpatches.def
File: hyperref-langpatches.def 2021-06-07 v7.00m Hyperref: patches for babel languages
) (/usr/share/texlive/texmf-dist/tex/generic/intcalc/intcalc.sty
Package: intcalc 2019/12/15 v1.3 Expandable calculations with integers (HO)
) (/usr/share/texlive/texmf-dist/tex/generic/etexcmds/etexcmds.sty
Package: etexcmds 2019/12/15 v1.7 Avoid name clashes with e-TeX commands (HO)
)
\Hy@SavedSpaceFactor=\count296
 (/usr/share/texlive/texmf-dist/tex/latex/hyperref/puenc.def
File: puenc.def 2021-06-07 v7.00m Hyperref: PDF Unicode definition (HO)
Now handling font encoding PU ...
... no UTF-8 mapping file for font encoding PU
)
Package hyperref Info: Option `bookmarks' set `true' on input line 4073.
Package hyperref Info: Option `bookmarksopen' set `true' on input line 4073.
Package hyperref Info: Option `implicit' set `false' on input line 4073.
Package hyperref Info: Hyper figures OFF on input line 4192.
Package hyperref Info: Link nesting OFF on input line 4197.
Package hyperref Info: Hyper index ON on input line 4200.
Package hyperref Info: Plain pages OFF on input line 4207.
Package hyperref Info: Backreferencing OFF on input line 4212.
Package hyperref Info: Implicit mode OFF; no redefinition of LaTeX internals.
Package hyperref Info: Bookmarks ON on input line 4445.
\c@Hy@tempcnt=\count297
 (/usr/share/texlive/texmf-dist/tex/latex/url/url.sty
\Urlmuskip=\muskip16
Package: url 2013/09/16  ver 3.4  Verb mode for urls, etc.
)
LaTeX Info: Redefining \url on input line 4804.
\XeTeXLinkMargin=\dimen258
 (/usr/share/texlive/texmf-dist/tex/generic/bitset/bitset.sty
Package: bitset 2019/12/09 v1.3 Handle bit-vector datatype (HO)
 (/usr/share/texlive/texmf-dist/tex/generic/bigintcalc/bigintcalc.sty
Package: bigintcalc 2019/12/15 v1.5 Expandable calculations on big integers (HO)
))
\Fld@menulength=\count298
\Field@Width=\dimen259
\Fld@charsize=\dimen260
Package hyperref Info: Hyper figures OFF on input line 6076.
Package hyperref Info: Link nesting OFF on input line 6081.
Package hyperref Info: Hyper index ON on input line 6084.
Package hyperref Info: backreferencing OFF on input line 6091.
Package hyperref Info: Link coloring OFF on input line 6096.
Package hyperref Info: Link coloring with OCG OFF on input line 6101.
Package hyperref Info: PDF/A mode OFF on input line 6106.
LaTeX Info: Redefining \ref on input line 6146.
LaTeX Info: Redefining \pageref on input line 6150.
\Hy@abspage=\count299


Package hyperref Message: Stopped early.

)
Package hyperref Info: Driver (autodetected): hpdftex.
 (/usr/share/texlive/texmf-dist/tex/latex/hyperref/hpdftex.def
File: hpdftex.def 2021-06-07 v7.00m Hyperref driver for pdfTeX
 (/usr/share/texlive/texmf-dist/tex/latex/base/atveryend-ltx.sty
Package: atveryend-ltx 2020/08/19 v1.0a Emulation of the original atveryend package
with kernel methods
)
\Fld@listcount=\count300
\c@bookmark@seq@number=\count301
 (/usr/share/texlive/texmf-dist/tex/latex/rerunfilecheck/rerunfilecheck.sty
Package: rerunfilecheck 2019/12/05 v1.9 Rerun checks for auxiliary files (HO)
 (/usr/share/texlive/texmf-dist/tex/generic/uniquecounter/uniquecounter.sty
Package: uniquecounter 2019/12/15 v1.4 Provide unlimited unique counter (HO)
)
Package uniquecounter Info: New unique counter `rerunfilecheck' on input line 286.
)) (/usr/share/texlive/texmf-dist/tex/latex/beamer/beamerbaserequires.sty (/usr/share/texlive/texmf-dist/tex/latex/beamer/beamerbasecompatibility.sty) (/usr/share/texlive/texmf-dist/tex/latex/beamer/beamerbasefont.sty (/usr/share/texlive/texmf-dist/tex/latex/amsfonts/amssymb.sty
Package: amssymb 2013/01/14 v3.01 AMS font symbols
 (/usr/share/texlive/texmf-dist/tex/latex/amsfonts/amsfonts.sty
Package: amsfonts 2013/01/14 v3.01 Basic AMSFonts support
\@emptytoks=\toks28
\symAMSa=\mathgroup4
\symAMSb=\mathgroup5
LaTeX Font Info:    Redeclaring math symbol \hbar on input line 98.
LaTeX Font Info:    Overwriting math alphabet `\mathfrak' in version `bold'
(Font)                  U/euf/m/n --> U/euf/b/n on input line 106.
)) (/usr/share/texlive/texmf-dist/tex/latex/sansmathaccent/sansmathaccent.sty
Package: sansmathaccent 2020/01/31
 (/usr/share/texlive/texmf-dist/tex/latex/koma-script/scrlfile.sty
Package: scrlfile 2021/11/13 v3.35 KOMA-Script package (file load hooks)
 (/usr/share/texlive/texmf-dist/tex/latex/koma-script/scrlfile-hook.sty
Package: scrlfile-hook 2021/11/13 v3.35 KOMA-Script package (using LaTeX hooks)
 (/usr/share/texlive/texmf-dist/tex/latex/koma-script/scrlogo.sty
Package: scrlogo 2021/11/13 v3.35 KOMA-Script package (logo)
))))) (/usr/share/texlive/texmf-dist/tex/latex/beamer/beamerbasetranslator.sty (/usr/share/texlive/texmf-dist/tex/latex/translator/translator.sty
Package: translator 2021-05-31 v1.12d Easy translation of strings in LaTeX
)) (/usr/share/texlive/texmf-dist/tex/latex/beamer/beamerbasemisc.sty) (/usr/share/texlive/texmf-dist/tex/latex/beamer/beamerbasetwoscreens.sty) (/usr/share/texlive/texmf-dist/tex/latex/beamer/beamerbaseoverlay.sty
\beamer@argscount=\count302
\beamer@lastskipcover=\skip50
\beamer@trivlistdepth=\count303
) (/usr/share/texlive/texmf-dist/tex/latex/beamer/beamerbasetitle.sty) (/usr/share/texlive/texmf-dist/tex/latex/beamer/beamerbasesection.sty
\c@lecture=\count304
\c@part=\count305
\c@section=\count306
\c@subsection=\count307
\c@subsubsection=\count308
) (/usr/share/texlive/texmf-dist/tex/latex/beamer/beamerbaseframe.sty
\beamer@framebox=\box65
\beamer@frametitlebox=\box66
\beamer@zoombox=\box67
\beamer@zoomcount=\count309
\beamer@zoomframecount=\count310
\beamer@frametextheight=\dimen261
\c@subsectionslide=\count311
\beamer@frametopskip=\skip51
\beamer@framebottomskip=\skip52
\beamer@frametopskipautobreak=\skip53
\beamer@framebottomskipautobreak=\skip54
\beamer@envbody=\toks29
\framewidth=\dimen262
\c@framenumber=\count312
) (/usr/share/texlive/texmf-dist/tex/latex/beamer/beamerbaseverbatim.sty
\beamer@verbatimfileout=\write4
) (/usr/share/texlive/texmf-dist/tex/latex/beamer/beamerbaseframesize.sty
\beamer@splitbox=\box68
\beamer@autobreakcount=\count313
\beamer@autobreaklastheight=\dimen263
\beamer@frametitletoks=\toks30
\beamer@framesubtitletoks=\toks31
) (/usr/share/texlive/texmf-dist/tex/latex/beamer/beamerbaseframecomponents.sty
\beamer@footins=\box69
) (/usr/share/texlive/texmf-dist/tex/latex/beamer/beamerbasecolor.sty) (/usr/share/texlive/texmf-dist/tex/latex/beamer/beamerbasenotes.sty
\beamer@frameboxcopy=\box70
) (/usr/share/texlive/texmf-dist/tex/latex/beamer/beamerbasetoc.sty) (/usr/share/texlive/texmf-dist/tex/latex/beamer/beamerbasetemplates.sty
\beamer@sbttoks=\toks32
 (/usr/share/texlive/texmf-dist/tex/latex/beamer/beamerbaseauxtemplates.sty (/usr/share/texlive/texmf-dist/tex/latex/beamer/beamerbaseboxes.sty
\bmb@box=\box71
\bmb@colorbox=\box72
\bmb@boxwidth=\dimen264
\bmb@boxheight=\dimen265
\bmb@prevheight=\dimen266
\bmb@temp=\dimen267
\bmb@dima=\dimen268
\bmb@dimb=\dimen269
\bmb@prevheight=\dimen270
)
\beamer@blockheadheight=\dimen271
)) (/usr/share/texlive/texmf-dist/tex/latex/beamer/beamerbaselocalstructure.sty (/usr/share/texlive/texmf-dist/tex/latex/tools/enumerate.sty
Package: enumerate 2015/07/23 v3.00 enumerate extensions (DPC)
\@enLab=\toks33
)
\beamer@bibiconwidth=\skip55
\c@figure=\count314
\c@table=\count315
\abovecaptionskip=\skip56
\belowcaptionskip=\skip57
) (/usr/share/texlive/texmf-dist/tex/latex/beamer/beamerbasenavigation.sty
\beamer@section@min@dim=\dimen272
) (/usr/share/texlive/texmf-dist/tex/latex/beamer/beamerbasetheorems.sty (/usr/share/texlive/texmf-dist/tex/latex/amsmath/amsmath.sty
Package: amsmath 2021/10/15 v2.17l AMS math features
\@mathmargin=\skip58

For additional information on amsmath, use the `?' option.
(/usr/share/texlive/texmf-dist/tex/latex/amsmath/amstext.sty
Package: amstext 2021/08/26 v2.01 AMS text
 (/usr/share/texlive/texmf-dist/tex/latex/amsmath/amsgen.sty
File: amsgen.sty 1999/11/30 v2.0 generic functions
\@emptytoks=\toks34
\ex@=\dimen273
)) (/usr/share/texlive/texmf-dist/tex/latex/amsmath/amsbsy.sty
Package: amsbsy 1999/11/29 v1.2d Bold Symbols
\pmbraise@=\dimen274
) (/usr/share/texlive/texmf-dist/tex/latex/amsmath/amsopn.sty
Package: amsopn 2021/08/26 v2.02 operator names
)
\inf@bad=\count316
LaTeX Info: Redefining \frac on input line 234.
\uproot@=\count317
\leftroot@=\count318
LaTeX Info: Redefining \overline on input line 399.
\classnum@=\count319
\DOTSCASE@=\count320
LaTeX Info: Redefining \ldots on input line 496.
LaTeX Info: Redefining \dots on input line 499.
LaTeX Info: Redefining \cdots on input line 620.
\Mathstrutbox@=\box73
\strutbox@=\box74
\big@size=\dimen275
LaTeX Font Info:    Redeclaring font encoding OML on input line 743.
LaTeX Font Info:    Redeclaring font encoding OMS on input line 744.
\macc@depth=\count321
\c@MaxMatrixCols=\count322
\dotsspace@=\muskip17
\c@parentequation=\count323
\dspbrk@lvl=\count324
\tag@help=\toks35
\row@=\count325
\column@=\count326
\maxfields@=\count327
\andhelp@=\toks36
\eqnshift@=\dimen276
\alignsep@=\dimen277
\tagshift@=\dimen278
\tagwidth@=\dimen279
\totwidth@=\dimen280
\lineht@=\dimen281
\@envbody=\toks37
\multlinegap=\skip59
\multlinetaggap=\skip60
\mathdisplay@stack=\toks38
LaTeX Info: Redefining \[ on input line 2938.
LaTeX Info: Redefining \] on input line 2939.
) (/usr/share/texlive/texmf-dist/tex/latex/amscls/amsthm.sty
Package: amsthm 2020/05/29 v2.20.6
\thm@style=\toks39
\thm@bodyfont=\toks40
\thm@headfont=\toks41
\thm@notefont=\toks42
\thm@headpunct=\toks43
\thm@preskip=\skip61
\thm@postskip=\skip62
\thm@headsep=\skip63
\dth@everypar=\toks44
)
\c@theorem=\count328
) (/usr/share/texlive/texmf-dist/tex/latex/beamer/beamerbasethemes.sty)) (/usr/share/texlive/texmf-dist/tex/latex/beamer/beamerthemedefault.sty (/usr/share/texlive/texmf-dist/tex/latex/beamer/beamerfontthemedefault.sty) (/usr/share/texlive/texmf-dist/tex/latex/beamer/beamercolorthemedefault.sty) (/usr/share/texlive/texmf-dist/tex/latex/beamer/beamerinnerthemedefault.sty
\beamer@dima=\dimen282
\beamer@dimb=\dimen283
) (/usr/share/texlive/texmf-dist/tex/latex/beamer/beamerouterthemedefault.sty))) (/usr/share/texlive/texmf-dist/tex/latex/beamer/beamerthemeMadrid.sty (/usr/share/texlive/texmf-dist/tex/latex/beamer/beamercolorthemewhale.sty) (/usr/share/texlive/texmf-dist/tex/latex/beamer/beamercolorthemeorchid.sty) (/usr/share/texlive/texmf-dist/tex/latex/beamer/beamerinnerthemerounded.sty) (/usr/share/texlive/texmf-dist/tex/latex/beamer/beamerouterthemeinfolines.sty)) (/usr/share/texlive/texmf-dist/tex/latex/animate/animate.sty
Package: animate 2022/01/31 PDF & SVG animations from files and inline graphics
 (/usr/share/texlive/texmf-dist/tex/latex/xkeyval/xkeyval.sty
Package: xkeyval 2020/11/20 v2.8 package option processing (HA)
 (/usr/share/texlive/texmf-dist/tex/generic/xkeyval/xkeyval.tex (/usr/share/texlive/texmf-dist/tex/generic/xkeyval/xkvutils.tex
\XKV@toks=\toks45
\XKV@tempa@toks=\toks46
)
\XKV@depth=\count329
File: xkeyval.tex 2014/12/03 v2.7a key=value parser (HA)
)) (/usr/share/texlive/texmf-dist/tex/latex/base/ifthen.sty
Package: ifthen 2020/11/24 v1.1c Standard LaTeX ifthen package (DPC)
) (/usr/share/texlive/texmf-dist/tex/latex/oberdiek/ifdraft.sty
Package: ifdraft 2016/05/16 v1.4 Detect class options draft and final (HO)
) (/usr/share/texlive/texmf-dist/tex/latex/tools/calc.sty
Package: calc 2017/05/25 v4.3 Infix arithmetic (KKT,FJ)
\calc@Acount=\count330
\calc@Bcount=\count331
\calc@Adimen=\dimen284
\calc@Bdimen=\dimen285
\calc@Askip=\skip64
\calc@Bskip=\skip65
LaTeX Info: Redefining \setlength on input line 80.
LaTeX Info: Redefining \addtolength on input line 81.
\calc@Ccount=\count332
\calc@Cskip=\skip66
) (/usr/share/texlive/texmf-dist/tex/latex/zref/zref-abspage.sty
Package: zref-abspage 2020-07-03 v2.32 Module abspage for zref (HO)
 (/usr/share/texlive/texmf-dist/tex/latex/zref/zref-base.sty
Package: zref-base 2020-07-03 v2.32 Module base for zref (HO)
Package zref Info: New property list: main on input line 764.
Package zref Info: New property: default on input line 765.
Package zref Info: New property: page on input line 766.
)
\c@abspage=\count333
Package zref Info: New property: abspage on input line 66.
) (/usr/share/texlive/texmf-dist/tex/latex/media9/pdfbase.sty (/usr/share/texlive/texmf-dist/tex/latex/l3packages/l3keys2e/l3keys2e.sty (/usr/share/texlive/texmf-dist/tex/latex/l3kernel/expl3.sty
Package: expl3 2022-01-21 L3 programming layer (loader) 
 (/usr/share/texlive/texmf-dist/tex/latex/l3backend/l3backend-pdftex.def
File: l3backend-pdftex.def 2022-01-12 L3 backend support: PDF output (pdfTeX)
\l__color_backend_stack_int=\count334
\l__pdf_internal_box=\box75
))
Package: l3keys2e 2022-01-12 LaTeX2e option processing using LaTeX3 keys
)
Package: pdfbase 2021/09/12 v0.53 driver independent access to low-level PDF features
\g_pbs_page_int=\count335
\g_pbs_oc_int=\count336
) (/usr/share/texlive/texmf-dist/tex/latex/ocgx2/ocgbase.sty
Package: ocgbase 2021/06/11 v0.20 support package for ocgx2.sty
\g_ocgbase_nd_int=\count337
)
\@anim@box=\box76
\@anim@measbox=\box77
\@anim@tmpdima=\dimen286
\@anim@tmpdimb=\dimen287
\@anim@num=\count338
\@anim@curframe=\count339
\@anim@curframe@zb=\count340
\@anim@resizeflags=\count341
\@anim@skipfram=\count342
\@anim@mulframecnt=\count343
\@anim@@tmlnfile=\read3
\@anim@tmpcnt=\count344
\c@@anim@ltxcnt=\count345
\@anim@curlayer=\count346
\@anim@lineno=\count347
\@anim@curfield=\count348
\@anim@@resizeflags=\count349
) (/usr/share/texlive/texmf-dist/tex/latex/booktabs/booktabs.sty
Package: booktabs 2020/01/12 v1.61803398 Publication quality tables
\heavyrulewidth=\dimen288
\lightrulewidth=\dimen289
\cmidrulewidth=\dimen290
\belowrulesep=\dimen291
\belowbottomsep=\dimen292
\aboverulesep=\dimen293
\abovetopsep=\dimen294
\cmidrulesep=\dimen295
\cmidrulekern=\dimen296
\defaultaddspace=\dimen297
\@cmidla=\count350
\@cmidlb=\count351
\@aboverulesep=\dimen298
\@belowrulesep=\dimen299
\@thisruleclass=\count352
\@lastruleclass=\count353
\@thisrulewidth=\dimen300
) (/usr/share/texlive/texmf-dist/tex/latex/pgf/frontendlayer/tikz.sty (/usr/share/texlive/texmf-dist/tex/latex/pgf/basiclayer/pgf.sty
Package: pgf 2021/05/15 v3.1.9a (3.1.9a)
 (/usr/share/texlive/texmf-dist/tex/generic/pgf/modules/pgfmoduleshapes.code.tex
File: pgfmoduleshapes.code.tex 2021/05/15 v3.1.9a (3.1.9a)
\pgfnodeparttextbox=\box78
) (/usr/share/texlive/texmf-dist/tex/generic/pgf/modules/pgfmoduleplot.code.tex
File: pgfmoduleplot.code.tex 2021/05/15 v3.1.9a (3.1.9a)
) (/usr/share/texlive/texmf-dist/tex/latex/pgf/compatibility/pgfcomp-version-0-65.sty
Package: pgfcomp-version-0-65 2021/05/15 v3.1.9a (3.1.9a)
\pgf@nodesepstart=\dimen301
\pgf@nodesepend=\dimen302
) (/usr/share/texlive/texmf-dist/tex/latex/pgf/compatibility/pgfcomp-version-1-18.sty
Package: pgfcomp-version-1-18 2021/05/15 v3.1.9a (3.1.9a)
)) (/usr/share/texlive/texmf-dist/tex/latex/pgf/utilities/pgffor.sty (/usr/share/texlive/texmf-dist/tex/latex/pgf/utilities/pgfkeys.sty (/usr/share/texlive/texmf-dist/tex/generic/pgf/utilities/pgfkeys.code.tex)) (/usr/share/texlive/texmf-dist/tex/latex/pgf/math/pgfmath.sty (/usr/share/texlive/texmf-dist/tex/generic/pgf/math/pgfmath.code.tex)) (/usr/share/texlive/texmf-dist/tex/generic/pgf/utilities/pgffor.code.tex
Package: pgffor 2021/05/15 v3.1.9a (3.1.9a)
 (/usr/share/texlive/texmf-dist/tex/generic/pgf/math/pgfmath.code.tex)
\pgffor@iter=\dimen303
\pgffor@skip=\dimen304
\pgffor@stack=\toks47
\pgffor@toks=\toks48
)) (/usr/share/texlive/texmf-dist/tex/generic/pgf/frontendlayer/tikz/tikz.code.tex
Package: tikz 2021/05/15 v3.1.9a (3.1.9a)
 (/usr/share/texlive/texmf-dist/tex/generic/pgf/libraries/pgflibraryplothandlers.code.tex
File: pgflibraryplothandlers.code.tex 2021/05/15 v3.1.9a (3.1.9a)
\pgf@plot@mark@count=\count354
\pgfplotmarksize=\dimen305
)
\tikz@lastx=\dimen306
\tikz@lasty=\dimen307
\tikz@lastxsaved=\dimen308
\tikz@lastysaved=\dimen309
\tikz@lastmovetox=\dimen310
\tikz@lastmovetoy=\dimen311
\tikzleveldistance=\dimen312
\tikzsiblingdistance=\dimen313
\tikz@figbox=\box79
\tikz@figbox@bg=\box80
\tikz@tempbox=\box81
\tikz@tempbox@bg=\box82
\tikztreelevel=\count355
\tikznumberofchildren=\count356
\tikznumberofcurrentchild=\count357
\tikz@fig@count=\count358
 (/usr/share/texlive/texmf-dist/tex/generic/pgf/modules/pgfmodulematrix.code.tex
File: pgfmodulematrix.code.tex 2021/05/15 v3.1.9a (3.1.9a)
\pgfmatrixcurrentrow=\count359
\pgfmatrixcurrentcolumn=\count360
\pgf@matrix@numberofcolumns=\count361
)
\tikz@expandcount=\count362
 (/usr/share/texlive/texmf-dist/tex/generic/pgf/frontendlayer/tikz/libraries/tikzlibrarytopaths.code.tex
File: tikzlibrarytopaths.code.tex 2021/05/15 v3.1.9a (3.1.9a)
))) (/usr/share/texlive/texmf-dist/tex/latex/base/fontenc.sty
Package: fontenc 2021/04/29 v2.0v Standard LaTeX package
) (/usr/share/texlive/texmf-dist/tex/latex/beamer/beamerfontthemeprofessionalfonts.sty) (/usr/share/texlive/texmf-dist/tex/latex/biblatex/biblatex.sty
Package: biblatex 2022/02/02 v3.17 programmable bibliographies (PK/MW)
 (/usr/share/texlive/texmf-dist/tex/latex/logreq/logreq.sty
Package: logreq 2010/08/04 v1.0 xml request logger
\lrq@indent=\count363
 (/usr/share/texlive/texmf-dist/tex/latex/logreq/logreq.def
File: logreq.def 2010/08/04 v1.0 logreq spec v1.0
))
\c@tabx@nest=\count364
\c@listtotal=\count365
\c@listcount=\count366
\c@liststart=\count367
\c@liststop=\count368
\c@citecount=\count369
\c@citetotal=\count370
\c@multicitecount=\count371
\c@multicitetotal=\count372
\c@instcount=\count373
\c@maxnames=\count374
\c@minnames=\count375
\c@maxitems=\count376
\c@minitems=\count377
\c@citecounter=\count378
\c@maxcitecounter=\count379
\c@savedcitecounter=\count380
\c@uniquelist=\count381
\c@uniquename=\count382
\c@refsection=\count383
\c@refsegment=\count384
\c@maxextratitle=\count385
\c@maxextratitleyear=\count386
\c@maxextraname=\count387
\c@maxextradate=\count388
\c@maxextraalpha=\count389
\c@abbrvpenalty=\count390
\c@highnamepenalty=\count391
\c@lownamepenalty=\count392
\c@maxparens=\count393
\c@parenlevel=\count394
\blx@tempcnta=\count395
\blx@tempcntb=\count396
\blx@tempcntc=\count397
\c@blx@maxsection=\count398
\c@blx@maxsegment@0=\count399
\blx@notetype=\count400
\blx@parenlevel@text=\count401
\blx@parenlevel@foot=\count402
\c@blx@sectionciteorder@0=\count403
\blx@entrysetcounter=\count404
\blx@biblioinstance=\count405
\labelnumberwidth=\skip67
\labelalphawidth=\skip68
\biblabelsep=\skip69
\bibitemsep=\skip70
\bibnamesep=\skip71
\bibinitsep=\skip72
\bibparsep=\skip73
\bibhang=\skip74
\blx@bcfin=\read4
\blx@bcfout=\write5
\blx@langwohyphens=\language3
\c@mincomprange=\count406
\c@maxcomprange=\count407
\c@mincompwidth=\count408
Package biblatex Info: Trying to load biblatex default data model...
Package biblatex Info: ... file 'blx-dm.def' found.
 (/usr/share/texlive/texmf-dist/tex/latex/biblatex/blx-dm.def
File: blx-dm.def 2022/02/02 v3.17 biblatex localization (PK/MW)
)
Package biblatex Info: Trying to load biblatex custom data model...
Package biblatex Info: ... file 'biblatex-dm.cfg' not found.
\c@afterword=\count409
\c@savedafterword=\count410
\c@annotator=\count411
\c@savedannotator=\count412
\c@author=\count413
\c@savedauthor=\count414
\c@bookauthor=\count415
\c@savedbookauthor=\count416
\c@commentator=\count417
\c@savedcommentator=\count418
\c@editor=\count419
\c@savededitor=\count420
\c@editora=\count421
\c@savededitora=\count422
\c@editorb=\count423
\c@savededitorb=\count424
\c@editorc=\count425
\c@savededitorc=\count426
\c@foreword=\count427
\c@savedforeword=\count428
\c@holder=\count429
\c@savedholder=\count430
\c@introduction=\count431
\c@savedintroduction=\count432
\c@namea=\count433
\c@savednamea=\count434
\c@nameb=\count435
\c@savednameb=\count436
\c@namec=\count437
\c@savednamec=\count438
\c@translator=\count439
\c@savedtranslator=\count440
\c@shortauthor=\count441
\c@savedshortauthor=\count442
\c@shorteditor=\count443
\c@savedshorteditor=\count444
\c@labelname=\count445
\c@savedlabelname=\count446
\c@institution=\count447
\c@savedinstitution=\count448
\c@lista=\count449
\c@savedlista=\count450
\c@listb=\count451
\c@savedlistb=\count452
\c@listc=\count453
\c@savedlistc=\count454
\c@listd=\count455
\c@savedlistd=\count456
\c@liste=\count457
\c@savedliste=\count458
\c@listf=\count459
\c@savedlistf=\count460
\c@location=\count461
\c@savedlocation=\count462
\c@organization=\count463
\c@savedorganization=\count464
\c@origlocation=\count465
\c@savedoriglocation=\count466
\c@origpublisher=\count467
\c@savedorigpublisher=\count468
\c@publisher=\count469
\c@savedpublisher=\count470
\c@language=\count471
\c@savedlanguage=\count472
\c@origlanguage=\count473
\c@savedoriglanguage=\count474
\c@pageref=\count475
\c@savedpageref=\count476
\shorthandwidth=\skip75
\shortjournalwidth=\skip76
\shortserieswidth=\skip77
\shorttitlewidth=\skip78
\shortauthorwidth=\skip79
\shorteditorwidth=\skip80
\locallabelnumberwidth=\skip81
\locallabelalphawidth=\skip82
\localshorthandwidth=\skip83
\localshortjournalwidth=\skip84
\localshortserieswidth=\skip85
\localshorttitlewidth=\skip86
\localshortauthorwidth=\skip87
\localshorteditorwidth=\skip88
Package biblatex Info: Trying to load compatibility code...
Package biblatex Info: ... file 'blx-compat.def' found.
 (/usr/share/texlive/texmf-dist/tex/latex/biblatex/blx-compat.def
File: blx-compat.def 2022/02/02 v3.17 biblatex compatibility (PK/MW)
)
Package biblatex Info: Trying to load generic definitions...
Package biblatex Info: ... file 'biblatex.def' found.
 (/usr/share/texlive/texmf-dist/tex/latex/biblatex/biblatex.def
File: biblatex.def 2022/02/02 v3.17 biblatex compatibility (PK/MW)
\c@textcitecount=\count477
\c@textcitetotal=\count478
\c@textcitemaxnames=\count479
\c@biburlbigbreakpenalty=\count480
\c@biburlbreakpenalty=\count481
\c@biburlnumpenalty=\count482
\c@biburlucpenalty=\count483
\c@biburllcpenalty=\count484
\biburlbigskip=\muskip18
\biburlnumskip=\muskip19
\biburlucskip=\muskip20
\biburllcskip=\muskip21
\c@smartand=\count485
)
Package biblatex Info: Trying to load bibliography style 'numeric'...
Package biblatex Info: ... file 'numeric.bbx' found.
 (/usr/share/texlive/texmf-dist/tex/latex/biblatex/bbx/numeric.bbx
File: numeric.bbx 2022/02/02 v3.17 biblatex bibliography style (PK/MW)
Package biblatex Info: Trying to load bibliography style 'standard'...
Package biblatex Info: ... file 'standard.bbx' found.
 (/usr/share/texlive/texmf-dist/tex/latex/biblatex/bbx/standard.bbx
File: standard.bbx 2022/02/02 v3.17 biblatex bibliography style (PK/MW)
\c@bbx:relatedcount=\count486
\c@bbx:relatedtotal=\count487
))
Package biblatex Info: Trying to load citation style 'numeric'...
Package biblatex Info: ... file 'numeric.cbx' found.
 (/usr/share/texlive/texmf-dist/tex/latex/biblatex/cbx/numeric.cbx
File: numeric.cbx 2022/02/02 v3.17 biblatex citation style (PK/MW)
Package biblatex Info: Redefining '\cite'.
Package biblatex Info: Redefining '\parencite'.
Package biblatex Info: Redefining '\footcite'.
Package biblatex Info: Redefining '\footcitetext'.
Package biblatex Info: Redefining '\smartcite'.
Package biblatex Info: Redefining '\supercite'.
Package biblatex Info: Redefining '\textcite'.
Package biblatex Info: Redefining '\textcites'.
Package biblatex Info: Redefining '\cites'.
Package biblatex Info: Redefining '\parencites'.
Package biblatex Info: Redefining '\smartcites'.
)
Package biblatex Info: Trying to load configuration file...
Package biblatex Info: ... file 'biblatex.cfg' found.
 (/usr/share/texlive/texmf-dist/tex/latex/biblatex/biblatex.cfg
File: biblatex.cfg 
)
Package biblatex Info: Input encoding 'utf8' detected.
Package biblatex Info: Document encoding is UTF8 ....
Package biblatex Info: ... and expl3
(biblatex)             2022-01-21 L3 programming layer (loader) 
(biblatex)             is new enough (at least 2020/04/06),
(biblatex)             setting 'casechanger=expl3'.
 (/usr/share/texlive/texmf-dist/tex/latex/biblatex/blx-case-expl3.sty (/usr/share/texlive/texmf-dist/tex/latex/l3packages/xparse/xparse.sty
Package: xparse 2022-01-12 L3 Experimental document command parser
)
Package: blx-case-expl3 2022/02/02 v3.17 expl3 case changing code for biblatex
)) (/usr/share/texlive/texmf-dist/tex/latex/psnfss/pifont.sty
Package: pifont 2020/03/25 PSNFSS-v9.3 Pi font support (SPQR) 
LaTeX Font Info:    Trying to load font information for U+pzd on input line 63.
 (/usr/share/texlive/texmf-dist/tex/latex/psnfss/upzd.fd
File: upzd.fd 2001/06/04 font definitions for U/pzd.
)
LaTeX Font Info:    Trying to load font information for U+psy on input line 64.
 (/usr/share/texlive/texmf-dist/tex/latex/psnfss/upsy.fd
File: upsy.fd 2001/06/04 font definitions for U/psy.
))
\c@iloop=\count488
LaTeX Info: Redefining \L2o on input line 42.
LaTeX Info: Redefining \L2 on input line 43.
\@quotelevel=\count489
\@quotereset=\count490
 (./LA_Presentation_1.aux)
\openout1 = `LA_Presentation_1.aux'.

LaTeX Font Info:    Checking defaults for OML/cmm/m/it on input line 77.
LaTeX Font Info:    ... okay on input line 77.
LaTeX Font Info:    Checking defaults for OMS/cmsy/m/n on input line 77.
LaTeX Font Info:    ... okay on input line 77.
LaTeX Font Info:    Checking defaults for OT1/cmr/m/n on input line 77.
LaTeX Font Info:    ... okay on input line 77.
LaTeX Font Info:    Checking defaults for T1/cmr/m/n on input line 77.
LaTeX Font Info:    ... okay on input line 77.
LaTeX Font Info:    Checking defaults for TS1/cmr/m/n on input line 77.
LaTeX Font Info:    ... okay on input line 77.
LaTeX Font Info:    Checking defaults for OMX/cmex/m/n on input line 77.
LaTeX Font Info:    ... okay on input line 77.
LaTeX Font Info:    Checking defaults for U/cmr/m/n on input line 77.
LaTeX Font Info:    ... okay on input line 77.
LaTeX Font Info:    Checking defaults for PD1/pdf/m/n on input line 77.
LaTeX Font Info:    ... okay on input line 77.
LaTeX Font Info:    Checking defaults for PU/pdf/m/n on input line 77.
LaTeX Font Info:    ... okay on input line 77.

*geometry* driver: auto-detecting
*geometry* detected driver: pdftex
*geometry* verbose mode - [ preamble ] result:
* driver: pdftex
* paper: custom
* layout: <same size as paper>
* layoutoffset:(h,v)=(0.0pt,0.0pt)
* modes: includehead includefoot 
* h-part:(L,W,R)=(10.00002pt, 435.24405pt, 10.00002pt)
* v-part:(T,H,B)=(0.0pt, 256.0748pt, 0.0pt)
* \paperwidth=455.24408pt
* \paperheight=256.0748pt
* \textwidth=435.24405pt
* \textheight=227.62207pt
* \oddsidemargin=-62.26997pt
* \evensidemargin=-62.26997pt
* \topmargin=-72.26999pt
* \headheight=14.22636pt
* \headsep=0.0pt
* \topskip=10.0pt
* \footskip=14.22636pt
* \marginparwidth=3.0pt
* \marginparsep=11.0pt
* \columnsep=10.0pt
* \skip\footins=9.0pt plus 4.0pt minus 2.0pt
* \hoffset=0.0pt
* \voffset=0.0pt
* \mag=1000
* \@twocolumnfalse
* \@twosidefalse
* \@mparswitchfalse
* \@reversemarginfalse
* (1in=72.27pt=25.4mm, 1cm=28.453pt)

(/usr/share/texlive/texmf-dist/tex/context/base/mkii/supp-pdf.mkii
[Loading MPS to PDF converter (version 2006.09.02).]
\scratchcounter=\count491
\scratchdimen=\dimen314
\scratchbox=\box83
\nofMPsegments=\count492
\nofMParguments=\count493
\everyMPshowfont=\toks49
\MPscratchCnt=\count494
\MPscratchDim=\dimen315
\MPnumerator=\count495
\makeMPintoPDFobject=\count496
\everyMPtoPDFconversion=\toks50
) (/usr/share/texlive/texmf-dist/tex/latex/epstopdf-pkg/epstopdf-base.sty
Package: epstopdf-base 2020-01-24 v2.11 Base part for package epstopdf
Package epstopdf-base Info: Redefining graphics rule for `.eps' on input line 485.
 (/usr/share/texlive/texmf-dist/tex/latex/latexconfig/epstopdf-sys.cfg
File: epstopdf-sys.cfg 2010/07/13 v1.3 Configuration of (r)epstopdf for TeX Live
))
Package hyperref Info: Link coloring OFF on input line 77.
 (/usr/share/texlive/texmf-dist/tex/latex/hyperref/nameref.sty
Package: nameref 2021-04-02 v2.47 Cross-referencing by name of section
 (/usr/share/texlive/texmf-dist/tex/latex/refcount/refcount.sty
Package: refcount 2019/12/15 v3.6 Data extraction from label references (HO)
) (/usr/share/texlive/texmf-dist/tex/generic/gettitlestring/gettitlestring.sty
Package: gettitlestring 2019/12/15 v1.6 Cleanup title references (HO)
)
\c@section@level=\count497
)
LaTeX Info: Redefining \ref on input line 77.
LaTeX Info: Redefining \pageref on input line 77.
LaTeX Info: Redefining \nameref on input line 77.
 (./LA_Presentation_1.out) (./LA_Presentation_1.out)
\@outlinefile=\write6
\openout6 = `LA_Presentation_1.out'.

 (/usr/share/texlive/texmf-dist/tex/latex/translator/translator-basic-dictionary-English.dict
Dictionary: translator-basic-dictionary, Language: English 
) (/usr/share/texlive/texmf-dist/tex/latex/translator/translator-bibliography-dictionary-English.dict
Dictionary: translator-bibliography-dictionary, Language: English 
) (/usr/share/texlive/texmf-dist/tex/latex/translator/translator-environment-dictionary-English.dict
Dictionary: translator-environment-dictionary, Language: English 
) (/usr/share/texlive/texmf-dist/tex/latex/translator/translator-months-dictionary-English.dict
Dictionary: translator-months-dictionary, Language: English 
) (/usr/share/texlive/texmf-dist/tex/latex/translator/translator-numbers-dictionary-English.dict
Dictionary: translator-numbers-dictionary, Language: English 
) (/usr/share/texlive/texmf-dist/tex/latex/translator/translator-theorem-dictionary-English.dict
Dictionary: translator-theorem-dictionary, Language: English 
)
Package biblatex Info: Trying to load language 'english'...
Package biblatex Info: ... file 'english.lbx' found.
 (/usr/share/texlive/texmf-dist/tex/latex/biblatex/lbx/english.lbx
File: english.lbx 2022/02/02 v3.17 biblatex localization (PK/MW)
)
Package biblatex Info: Input encoding 'utf8' detected.
Package biblatex Info: Automatic encoding selection.
(biblatex)             Assuming data encoding 'utf8'.
\openout5 = `LA_Presentation_1.bcf'.

Package biblatex Info: Trying to load bibliographic data...
Package biblatex Info: ... file 'LA_Presentation_1.bbl' found.
 (./LA_Presentation_1.bbl)
Package biblatex Info: Reference section=0 on input line 77.
Package biblatex Info: Reference segment=0 on input line 77.
 (./LA_Presentation_1.nav)
Overfull \hbox (28.22433pt too wide) in paragraph at lines 77--77
 [][][][]  
 []

<figures/image001.png, id=134, 331.2375pt x 88.33pt>
File: figures/image001.png Graphic file (type png)
<use figures/image001.png>
Package pdftex.def Info: figures/image001.png  used on input line 78.
(pdftex.def)             Requested size: 160.04852pt x 42.67912pt.

Overfull \hbox (28.22433pt too wide) has occurred while \output is active
 [][][][]  
 []

[1

{/var/lib/texmf/fonts/map/pdftex/updmap/pdftex.map} <./figures/image001.png>] (./LA_Presentation_1.toc
LaTeX Font Info:    Trying to load font information for U+msa on input line 9.
 (/usr/share/texlive/texmf-dist/tex/latex/amsfonts/umsa.fd
File: umsa.fd 2013/01/14 v3.01 AMS symbols A
)
LaTeX Font Info:    Trying to load font information for U+msb on input line 9.
 (/usr/share/texlive/texmf-dist/tex/latex/amsfonts/umsb.fd
File: umsb.fd 2013/01/14 v3.01 AMS symbols B
))
Overfull \vbox (94.60634pt too high) detected at line 82
 []


Overfull \hbox (28.22433pt too wide) has occurred while \output is active
 [][][][]  
 []

[2

]
Overfull \hbox (28.22433pt too wide) has occurred while \output is active
 [][][][]  
 []

[3

]
<figures/unique_soln.png, id=289, 1178.4025pt x 750.805pt>
File: figures/unique_soln.png Graphic file (type png)
<use figures/unique_soln.png>
Package pdftex.def Info: figures/unique_soln.png  used on input line 149.
(pdftex.def)             Requested size: 195.85849pt x 124.78253pt.

Overfull \hbox (28.22433pt too wide) has occurred while \output is active
 [][][][]  
 []

[4

 <./figures/unique_soln.png>]
<figures/no_soln.png, id=320, 1176.395pt x 750.805pt>
File: figures/no_soln.png Graphic file (type png)
<use figures/no_soln.png>
Package pdftex.def Info: figures/no_soln.png  used on input line 149.
(pdftex.def)             Requested size: 195.85849pt x 125.0002pt.

Overfull \hbox (28.22433pt too wide) has occurred while \output is active
 [][][][]  
 []

[5

 <./figures/no_soln.png>]
<figures/infinitely_many_soln.png, id=349, 1172.38pt x 748.7975pt>
File: figures/infinitely_many_soln.png Graphic file (type png)
<use figures/infinitely_many_soln.png>
Package pdftex.def Info: figures/infinitely_many_soln.png  used on input line 149.
(pdftex.def)             Requested size: 195.85849pt x 125.08871pt.

Overfull \hbox (28.22433pt too wide) has occurred while \output is active
 [][][][]  
 []

[6

 <./figures/infinitely_many_soln.png>]
Overfull \hbox (28.22433pt too wide) has occurred while \output is active
 [][][][]  
 []

[7

]
Overfull \hbox (28.22433pt too wide) has occurred while \output is active
 [][][][]  
 []

[8

]
Overfull \hbox (28.22433pt too wide) has occurred while \output is active
 [][][][]  
 []

[9

]
Overfull \hbox (28.22433pt too wide) has occurred while \output is active
 [][][][]  
 []

[10

]
<figures/row_ech.png, id=489, 1003.75pt x 208.78pt>
File: figures/row_ech.png Graphic file (type png)
<use figures/row_ech.png>
Package pdftex.def Info: figures/row_ech.png  used on input line 272.
(pdftex.def)             Requested size: 195.85849pt x 40.739pt.

Overfull \hbox (28.22433pt too wide) has occurred while \output is active
 [][][][]  
 []

[11

 <./figures/row_ech.png>]
<figures/reduced_row_ech.png, id=534, 1005.7575pt x 226.8475pt>
File: figures/reduced_row_ech.png Graphic file (type png)
<use figures/reduced_row_ech.png>
Package pdftex.def Info: figures/reduced_row_ech.png  used on input line 272.
(pdftex.def)             Requested size: 195.85849pt x 44.1745pt.

Overfull \hbox (28.22433pt too wide) has occurred while \output is active
 [][][][]  
 []

[12

 <./figures/reduced_row_ech.png>]
Overfull \hbox (28.22433pt too wide) has occurred while \output is active
 [][][][]  
 []

[13

]
Overfull \vbox (0.42595pt too high) detected at line 320
 []


Overfull \hbox (28.22433pt too wide) has occurred while \output is active
 [][][][]  
 []

[14

]
Overfull \hbox (28.22433pt too wide) has occurred while \output is active
 [][][][]  
 []

[15

]
<figures/vectors.png, id=652, 1632.0975pt x 947.54pt>
File: figures/vectors.png Graphic file (type png)
<use figures/vectors.png>
Package pdftex.def Info: figures/vectors.png  used on input line 412.
(pdftex.def)             Requested size: 261.14908pt x 151.6095pt.

Overfull \vbox (14.714pt too high) detected at line 412
 []


Overfull \hbox (28.22433pt too wide) has occurred while \output is active
 [][][][]  
 []

[16

 <./figures/vectors.png>]
<figures/vector.png, id=683, 202.8077pt x 99.82294pt>
File: figures/vector.png Graphic file (type png)
<use figures/vector.png>
Package pdftex.def Info: figures/vector.png  used on input line 467.
(pdftex.def)             Requested size: 156.68439pt x 77.12434pt.
LaTeX Font Info:    Trying to load font information for T1+cmtt on input line 467.
 (/usr/share/texlive/texmf-dist/tex/latex/base/t1cmtt.fd
File: t1cmtt.fd 2019/12/16 v2.5j Standard LaTeX font definitions
)
Overfull \hbox (28.22433pt too wide) has occurred while \output is active
 [][][][]  
 []

[17

 <./figures/vector.png>]
<figures/Two_dimensional_vectora.png, id=717, 1238.6275pt x 1240.635pt>
File: figures/Two_dimensional_vectora.png Graphic file (type png)
<use figures/Two_dimensional_vectora.png>
Package pdftex.def Info: figures/Two_dimensional_vectora.png  used on input line 467.
(pdftex.def)             Requested size: 174.09496pt x 174.36922pt.

Overfull \hbox (28.22433pt too wide) has occurred while \output is active
 [][][][]  
 []

[18

 <./figures/Two_dimensional_vectora.png>]
<figures/Two_dimensional_vectorb.png, id=745, 1240.635pt x 1234.6125pt>
File: figures/Two_dimensional_vectorb.png Graphic file (type png)
<use figures/Two_dimensional_vectorb.png>
Package pdftex.def Info: figures/Two_dimensional_vectorb.png  used on input line 467.
(pdftex.def)             Requested size: 174.09496pt x 173.24017pt.

Overfull \hbox (28.22433pt too wide) has occurred while \output is active
 [][][][]  
 []

[19

 <./figures/Two_dimensional_vectorb.png>]
<figures/Two_dimensional_vector_addition.png, id=775, 1250.6725pt x 1258.7025pt>
File: figures/Two_dimensional_vector_addition.png Graphic file (type png)
<use figures/Two_dimensional_vector_addition.png>
Package pdftex.def Info: figures/Two_dimensional_vector_addition.png  used on input line 551.
(pdftex.def)             Requested size: 152.33806pt x 153.30411pt.

Overfull \hbox (28.22433pt too wide) has occurred while \output is active
 [][][][]  
 []

[20

 <./figures/Two_dimensional_vector_addition.png>]
<figures/Two_dimensional_scalar_multiplication_a.png, id=806, 1039.885pt x 1431.3475pt>
File: figures/Two_dimensional_scalar_multiplication_a.png Graphic file (type png)
<use figures/Two_dimensional_scalar_multiplication_a.png>
Package pdftex.def Info: figures/Two_dimensional_scalar_multiplication_a.png  used on input line 551.
(pdftex.def)             Requested size: 137.09387pt x 195.84444pt.

Overfull \vbox (19.25516pt too high) detected at line 551
 []


Overfull \hbox (28.22433pt too wide) has occurred while \output is active
 [][][][]  
 []

[21

 <./figures/Two_dimensional_scalar_multiplication_a.png>]
Overfull \hbox (59.48056pt too wide) detected at line 551
[] [] [] []
 []

<figures/Two_dimensional_scalar_multiplication_b.png, id=834, 839.135pt x 1019.81pt>
File: figures/Two_dimensional_scalar_multiplication_b.png Graphic file (type png)
<use figures/Two_dimensional_scalar_multiplication_b.png>
Package pdftex.def Info: figures/Two_dimensional_scalar_multiplication_b.png  used on input line 551.
(pdftex.def)             Requested size: 137.09406pt x 171.3736pt.

Overfull \hbox (28.22433pt too wide) has occurred while \output is active
 [][][][]  
 []

[22

 <./figures/Two_dimensional_scalar_multiplication_b.png>]
File: figures/Two_dimensional_vector_addition.png Graphic file (type png)
<use figures/Two_dimensional_vector_addition.png>
Package pdftex.def Info: figures/Two_dimensional_vector_addition.png  used on input line 607.
(pdftex.def)             Requested size: 174.09496pt x 175.19922pt.

Overfull \hbox (28.22433pt too wide) has occurred while \output is active
 [][][][]  
 []

[23

]
Overfull \hbox (28.22433pt too wide) has occurred while \output is active
 [][][][]  
 []

[24

]
Overfull \hbox (28.22433pt too wide) has occurred while \output is active
 [][][][]  
 []

[25

]
Overfull \hbox (133.3016pt too wide) detected at line 796
\OML/cmm/m/it/10 A\OT1/cmr/bx/n/10 v \OT1/cmr/m/n/10 = [] [] = [] = []
 []


Overfull \hbox (28.22433pt too wide) has occurred while \output is active
 [][][][]  
 []

[26

]
Overfull \hbox (28.22433pt too wide) has occurred while \output is active
 [][][][]  
 []

[27

]
Overfull \hbox (909.32709pt too wide) detected at line 796
\OML/cmm/m/it/10 BC \OT1/cmr/m/n/10 = [] [] = [] = []
 []


Overfull \hbox (28.22433pt too wide) has occurred while \output is active
 [][][][]  
 []

[28

]
Overfull \hbox (28.22433pt too wide) has occurred while \output is active
 [][][][]  
 []

[29

]
Overfull \hbox (28.22433pt too wide) has occurred while \output is active
 [][][][]  
 []

[30

]
Overfull \hbox (28.22433pt too wide) has occurred while \output is active
 [][][][]  
 []

[31

]
Overfull \hbox (28.22433pt too wide) has occurred while \output is active
 [][][][]  
 []

[32

]
Overfull \hbox (28.22433pt too wide) has occurred while \output is active
 [][][][]  
 []

[33

]
Overfull \hbox (28.22433pt too wide) has occurred while \output is active
 [][][][]  
 []

[34

]
Overfull \hbox (28.22433pt too wide) has occurred while \output is active
 [][][][]  
 []

[35

]
Overfull \hbox (28.22433pt too wide) has occurred while \output is active
 [][][][]  
 []

[36

]
Overfull \hbox (28.22433pt too wide) has occurred while \output is active
 [][][][]  
 []

[37

]
Overfull \hbox (28.22433pt too wide) has occurred while \output is active
 [][][][]  
 []

[38

]
Overfull \hbox (28.22433pt too wide) has occurred while \output is active
 [][][][]  
 []

[39

]
Overfull \hbox (28.22433pt too wide) has occurred while \output is active
 [][][][]  
 []

[40

]
Overfull \hbox (28.22433pt too wide) has occurred while \output is active
 [][][][]  
 []

[41

]
Overfull \hbox (28.22433pt too wide) has occurred while \output is active
 [][][][]  
 []

[42

]
Overfull \hbox (28.22433pt too wide) has occurred while \output is active
 [][][][]  
 []

[43

]
Overfull \hbox (28.22433pt too wide) has occurred while \output is active
 [][][][]  
 []

[44

]
Overfull \hbox (20.79999pt too wide) in paragraph at lines 1232--1232
 [][][] 
 []


Overfull \hbox (28.22433pt too wide) has occurred while \output is active
 [][][][]  
 []

[45

]
Overfull \hbox (20.79999pt too wide) in paragraph at lines 1253--1253
 [][][] 
 []


Overfull \vbox (8.51524pt too high) detected at line 1253
 []


Overfull \hbox (28.22433pt too wide) has occurred while \output is active
 [][][][]  
 []

[46

]
Overfull \hbox (28.22433pt too wide) has occurred while \output is active
 [][][][]  
 []

[47

]
Overfull \hbox (28.22433pt too wide) has occurred while \output is active
 [][][][]  
 []

[48

]
Overfull \hbox (20.79999pt too wide) in paragraph at lines 1329--1329
 [][][] 
 []


Overfull \hbox (20.79999pt too wide) in paragraph at lines 1329--1329
 [][][] 
 []


Overfull \hbox (20.79999pt too wide) in paragraph at lines 1329--1329
 [][][] 
 []


Overfull \vbox (58.36662pt too high) detected at line 1329
 []


Overfull \hbox (28.22433pt too wide) has occurred while \output is active
 [][][][]  
 []

[49

]
Overfull \hbox (28.22433pt too wide) has occurred while \output is active
 [][][][]  
 []

[50

]
Overfull \hbox (28.22433pt too wide) has occurred while \output is active
 [][][][]  
 []

[51

]
Overfull \hbox (28.22433pt too wide) has occurred while \output is active
 [][][][]  
 []

[52

]
<figures/Solution1.png, id=1838, 997.7275pt x 142.5325pt>
File: figures/Solution1.png Graphic file (type png)
<use figures/Solution1.png>
Package pdftex.def Info: figures/Solution1.png  used on input line 1431.
(pdftex.def)             Requested size: 304.6695pt x 43.52345pt.

Overfull \hbox (28.22433pt too wide) has occurred while \output is active
 [][][][]  
 []

[53

 <./figures/Solution1.png>]
File: figures/Solution1.png Graphic file (type png)
<use figures/Solution1.png>
Package pdftex.def Info: figures/Solution1.png  used on input line 1431.
(pdftex.def)             Requested size: 304.6695pt x 43.52345pt.
<figures/Solution2.png, id=1866, 995.72pt x 136.51pt>
File: figures/Solution2.png Graphic file (type png)
<use figures/Solution2.png>
Package pdftex.def Info: figures/Solution2.png  used on input line 1431.
(pdftex.def)             Requested size: 304.6695pt x 41.76984pt.

Overfull \hbox (28.22433pt too wide) has occurred while \output is active
 [][][][]  
 []

[54

 <./figures/solution2.png>]
Overfull \hbox (28.22433pt too wide) has occurred while \output is active
 [][][][]  
 []

[55

]
<figures/sheared_sheep.png, id=1925, 1585.925pt x 485.815pt>
File: figures/sheared_sheep.png Graphic file (type png)
<use figures/sheared_sheep.png>
Package pdftex.def Info: figures/sheared_sheep.png  used on input line 1467.
(pdftex.def)             Requested size: 304.6695pt x 93.32878pt.

Overfull \vbox (12.54276pt too high) detected at line 1467
 []


Overfull \hbox (28.22433pt too wide) has occurred while \output is active
 [][][][]  
 []

[56

 <./figures/sheared_sheep.png>]
File: figures/sheared_sheep.png Graphic file (type png)
<use figures/sheared_sheep.png>
Package pdftex.def Info: figures/sheared_sheep.png  used on input line 1467.
(pdftex.def)             Requested size: 304.6695pt x 93.32878pt.
<figures/sheared_sheep_b.png, id=1953, 646.415pt x 1090.0725pt>
File: figures/sheared_sheep_b.png Graphic file (type png)
<use figures/sheared_sheep_b.png>
Package pdftex.def Info: figures/sheared_sheep_b.png  used on input line 1467.
(pdftex.def)             Requested size: 117.51628pt x 198.1673pt.

Overfull \vbox (10.77242pt too high) detected at line 1467
 []


Overfull \hbox (28.22433pt too wide) has occurred while \output is active
 [][][][]  
 []

[57

 <./figures/sheared_sheep_b.png>]
Overfull \hbox (20.79999pt too wide) in paragraph at lines 1495--1495
 [][][] 
 []


Overfull \hbox (28.22433pt too wide) has occurred while \output is active
 [][][][]  
 []

[58

]
Overfull \hbox (28.22433pt too wide) has occurred while \output is active
 [][][][]  
 []

[59

]
Overfull \hbox (28.22433pt too wide) has occurred while \output is active
 [][][][]  
 []

[60

]
Overfull \hbox (28.22433pt too wide) has occurred while \output is active
 [][][][]  
 []

[61

]
Overfull \hbox (20.79999pt too wide) in paragraph at lines 1647--1647
 [][][] 
 []


Overfull \hbox (28.22433pt too wide) has occurred while \output is active
 [][][][]  
 []

[62

]
Overfull \hbox (28.22433pt too wide) has occurred while \output is active
 [][][][]  
 []

[63

]
Overfull \hbox (20.79999pt too wide) in paragraph at lines 1672--1672
 [][][] 
 []


Overfull \hbox (20.79999pt too wide) in paragraph at lines 1672--1672
 [][][] 
 []


Overfull \vbox (4.64412pt too high) detected at line 1672
 []


Overfull \hbox (28.22433pt too wide) has occurred while \output is active
 [][][][]  
 []

[64

]
Overfull \hbox (28.22433pt too wide) has occurred while \output is active
 [][][][]  
 []

[65

]
Overfull \hbox (28.22433pt too wide) has occurred while \output is active
 [][][][]  
 []

[66

]
Overfull \hbox (20.79999pt too wide) in paragraph at lines 1785--1785
 [][][] 
 []


Overfull \vbox (31.82166pt too high) detected at line 1785
 []


Overfull \hbox (28.22433pt too wide) has occurred while \output is active
 [][][][]  
 []

[67

]
Overfull \hbox (28.22433pt too wide) has occurred while \output is active
 [][][][]  
 []

[68

]
Overfull \hbox (28.22433pt too wide) has occurred while \output is active
 [][][][]  
 []

[69

]
Overfull \hbox (28.22433pt too wide) has occurred while \output is active
 [][][][]  
 []

[70

]
<figures/Matrix_multiplication.png, id=2413, 654.445pt x 449.68pt>
File: figures/Matrix_multiplication.png Graphic file (type png)
<use figures/Matrix_multiplication.png>
Package pdftex.def Info: figures/Matrix_multiplication.png  used on input line 2018.
(pdftex.def)             Requested size: 174.09496pt x 119.62434pt.

Overfull \hbox (28.22433pt too wide) has occurred while \output is active
 [][][][]  
 []

[71

 <./figures/Matrix_multiplication.png>]
Overfull \hbox (20.79999pt too wide) in paragraph at lines 2018--2018
 [][][] 
 []


Overfull \vbox (7.40376pt too high) detected at line 2018
 []


Overfull \hbox (28.22433pt too wide) has occurred while \output is active
 [][][][]  
 []

[72

]
Overfull \hbox (28.22433pt too wide) has occurred while \output is active
 [][][][]  
 []

[73

]
Overfull \hbox (73.11443pt too wide) detected at line 2018
[]\OT1/cmr/m/n/10 (\OML/cmm/m/it/10 A\OT1/cmr/m/n/10 ) = \OML/cmm/m/it/10 textcolor[]a \OMS/cmsy/m/n/10 ^^A [] []  [] \OML/cmm/m/it/10 textcolor[]b \OMS/cmsy/m/n/10 ^^A [] []  [] \OML/cmm/m/it/10 textcolor[]c \OMS/cmsy/m/n/10 ^^A [] []  \OML/cmm/m/it/10 :
 []


Overfull \hbox (28.22433pt too wide) has occurred while \output is active
 [][][][]  
 []

[74

]
Overfull \hbox (28.22433pt too wide) has occurred while \output is active
 [][][][]  
 []

[75

]
Overfull \hbox (28.22433pt too wide) has occurred while \output is active
 [][][][]  
 []

[76

]
Overfull \hbox (20.79999pt too wide) in paragraph at lines 2058--2058
 [][][] 
 []


Overfull \vbox (0.20389pt too high) detected at line 2058
 []


Overfull \hbox (28.22433pt too wide) has occurred while \output is active
 [][][][]  
 []

[77

]
Overfull \hbox (20.79999pt too wide) in paragraph at lines 2058--2058
 [][][] 
 []


Overfull \hbox (28.22433pt too wide) has occurred while \output is active
 [][][][]  
 []

[78

]
Overfull \hbox (28.22433pt too wide) has occurred while \output is active
 [][][][]  
 []

[79

]
Overfull \hbox (28.22433pt too wide) has occurred while \output is active
 [][][][]  
 []

[80

]
Overfull \hbox (28.22433pt too wide) has occurred while \output is active
 [][][][]  
 []

[81

]
Overfull \hbox (23.52702pt too wide) detected at line 2307
[][][] $[]$[][][][][][][][] $[]$[][][][][][] 
 []


Overfull \hbox (28.22433pt too wide) has occurred while \output is active
 [][][][]  
 []

[82

]
Overfull \hbox (28.22433pt too wide) has occurred while \output is active
 [][][][]  
 []

[83

]
Overfull \hbox (20.79999pt too wide) in paragraph at lines 2343--2343
 [][][] 
 []


Overfull \vbox (20.20866pt too high) detected at line 2343
 []


Overfull \hbox (28.22433pt too wide) has occurred while \output is active
 [][][][]  
 []

[84

]
Overfull \hbox (20.79999pt too wide) in paragraph at lines 2356--2356
 [][][] 
 []


Overfull \hbox (28.22433pt too wide) has occurred while \output is active
 [][][][]  
 []

[85

]
Overfull \hbox (28.22433pt too wide) has occurred while \output is active
 [][][][]  
 []

[86

]

Package hyperref Warning: Token not allowed in a PDF string (Unicode):
(hyperref)                removing `math shift' on input line 2378.


Package hyperref Warning: Token not allowed in a PDF string (Unicode):
(hyperref)                removing `superscript' on input line 2378.


Overfull \hbox (20.79999pt too wide) in paragraph at lines 2438--2438
 [][][] 
 []


Overfull \hbox (28.22433pt too wide) has occurred while \output is active
 [][][][]  
 []

[87

]
Overfull \hbox (20.79999pt too wide) in paragraph at lines 2438--2438
 [][][] 
 []


Overfull \hbox (28.22433pt too wide) has occurred while \output is active
 [][][][]  
 []

[88

]
Overfull \hbox (20.79999pt too wide) in paragraph at lines 2438--2438
 [][][] 
 []


Overfull \hbox (20.79999pt too wide) in paragraph at lines 2438--2438
 [][][] 
 []


Overfull \hbox (28.22433pt too wide) has occurred while \output is active
 [][][][]  
 []

[89

]
Overfull \hbox (20.79999pt too wide) in paragraph at lines 2487--2487
 [][][] 
 []


Overfull \hbox (20.79999pt too wide) in paragraph at lines 2487--2487
 [][][] 
 []


Overfull \vbox (11.36739pt too high) detected at line 2487
 []


Overfull \hbox (28.22433pt too wide) has occurred while \output is active
 [][][][]  
 []

[90

]
Overfull \hbox (20.79999pt too wide) in paragraph at lines 2487--2487
 [][][] 
 []


Overfull \hbox (28.22433pt too wide) has occurred while \output is active
 [][][][]  
 []

[91

]
Overfull \hbox (20.79999pt too wide) in paragraph at lines 2487--2487
 [][][] 
 []


Overfull \vbox (10.29pt too high) detected at line 2487
 []


Overfull \hbox (28.22433pt too wide) has occurred while \output is active
 [][][][]  
 []

[92

]
Overfull \hbox (28.22433pt too wide) has occurred while \output is active
 [][][][]  
 []

[93

]
Overfull \hbox (20.79999pt too wide) in paragraph at lines 2529--2529
 [][][] 
 []


Overfull \hbox (20.79999pt too wide) in paragraph at lines 2529--2529
 [][][] 
 []


Overfull \hbox (20.79999pt too wide) in paragraph at lines 2529--2529
 [][][] 
 []


Overfull \vbox (51.04767pt too high) detected at line 2529
 []


Overfull \hbox (28.22433pt too wide) has occurred while \output is active
 [][][][]  
 []

[94

]
Overfull \hbox (28.22433pt too wide) has occurred while \output is active
 [][][][]  
 []

[95

]
Overfull \hbox (20.79999pt too wide) in paragraph at lines 2576--2576
 [][][] 
 []


Overfull \vbox (20.20805pt too high) detected at line 2576
 []


Overfull \hbox (28.22433pt too wide) has occurred while \output is active
 [][][][]  
 []

[96

]
Overfull \hbox (28.22433pt too wide) has occurred while \output is active
 [][][][]  
 []

[97

]
Overfull \hbox (20.79999pt too wide) in paragraph at lines 2719--2719
 [][][] 
 []


Overfull \vbox (8.31863pt too high) detected at line 2719
 []


Overfull \hbox (28.22433pt too wide) has occurred while \output is active
 [][][][]  
 []

[98

]
Overfull \hbox (28.22433pt too wide) has occurred while \output is active
 [][][][]  
 []

[99

]
Overfull \hbox (18.79999pt too wide) in paragraph at lines 2719--2719
 [][][] 
 []


Overfull \hbox (28.22433pt too wide) has occurred while \output is active
 [][][][]  
 []

[100

]
Overfull \hbox (20.79999pt too wide) in paragraph at lines 2719--2719
 [][][] 
 []


Overfull \hbox (28.22433pt too wide) has occurred while \output is active
 [][][][]  
 []

[101

]
Overfull \hbox (20.79999pt too wide) in paragraph at lines 2719--2719
 [][][] 
 []


Overfull \hbox (20.79999pt too wide) in paragraph at lines 2719--2719
 [][][] 
 []


Overfull \vbox (14.16483pt too high) detected at line 2719
 []


Overfull \hbox (28.22433pt too wide) has occurred while \output is active
 [][][][]  
 []

[102

]
Overfull \hbox (20.79999pt too wide) in paragraph at lines 2763--2763
 [][][] 
 []


Overfull \vbox (10.4882pt too high) detected at line 2763
 []


Overfull \hbox (28.22433pt too wide) has occurred while \output is active
 [][][][]  
 []

[103

]
Overfull \hbox (20.79999pt too wide) in paragraph at lines 2763--2763
 [][][] 
 []


Overfull \hbox (28.22433pt too wide) has occurred while \output is active
 [][][][]  
 []

[104

]
Overfull \hbox (28.22433pt too wide) has occurred while \output is active
 [][][][]  
 []

[105

]
Overfull \hbox (28.22433pt too wide) has occurred while \output is active
 [][][][]  
 []

[106

]
Overfull \hbox (20.79999pt too wide) in paragraph at lines 2876--2876
 [][][] 
 []


Overfull \hbox (28.22433pt too wide) has occurred while \output is active
 [][][][]  
 []

[107

]
Overfull \hbox (20.79999pt too wide) in paragraph at lines 2876--2876
 [][][] 
 []


Overfull \hbox (28.22433pt too wide) has occurred while \output is active
 [][][][]  
 []

[108

]
Overfull \hbox (20.79999pt too wide) in paragraph at lines 2876--2876
 [][][] 
 []


Overfull \hbox (28.22433pt too wide) has occurred while \output is active
 [][][][]  
 []

[109

]
Overfull \hbox (20.79999pt too wide) in paragraph at lines 2960--2960
 [][][] 
 []


Overfull \vbox (20.70866pt too high) detected at line 2960
 []


Overfull \hbox (28.22433pt too wide) has occurred while \output is active
 [][][][]  
 []

[110

]
Overfull \hbox (28.22433pt too wide) has occurred while \output is active
 [][][][]  
 []

[111

]
Overfull \hbox (20.79999pt too wide) in paragraph at lines 2960--2960
 [][][] 
 []


Overfull \hbox (28.22433pt too wide) has occurred while \output is active
 [][][][]  
 []

[112

]
Overfull \hbox (28.22433pt too wide) has occurred while \output is active
 [][][][]  
 []

[113

]
Overfull \hbox (20.79999pt too wide) in paragraph at lines 2960--2960
 [][][] 
 []


Overfull \hbox (28.22433pt too wide) has occurred while \output is active
 [][][][]  
 []

[114

]
<figures/null_space.png, id=3966, 554.07pt x 289.08pt>
File: figures/null_space.png Graphic file (type png)
<use figures/null_space.png>
Package pdftex.def Info: figures/null_space.png  used on input line 3057.
(pdftex.def)             Requested size: 130.57454pt x 68.12347pt.

Overfull \hbox (20.79999pt too wide) in paragraph at lines 3057--3057
 [][][] 
 []


Overfull \hbox (20.79999pt too wide) in paragraph at lines 3057--3057
 [][][] 
 []


Overfull \vbox (38.51839pt too high) detected at line 3057
 []


Overfull \hbox (28.22433pt too wide) has occurred while \output is active
 [][][][]  
 []

[115

 <./figures/null_space.png>]
Overfull \hbox (20.79999pt too wide) in paragraph at lines 3057--3057
 [][][] 
 []


Overfull \hbox (20.79999pt too wide) in paragraph at lines 3057--3057
 [][][] 
 []


Overfull \hbox (28.22433pt too wide) has occurred while \output is active
 [][][][]  
 []

[116

]
Overfull \hbox (28.22433pt too wide) has occurred while \output is active
 [][][][]  
 []

[117

]
Overfull \hbox (20.79999pt too wide) in paragraph at lines 3057--3057
 [][][] 
 []


Overfull \hbox (28.22433pt too wide) has occurred while \output is active
 [][][][]  
 []

[118

]
Overfull \hbox (28.22433pt too wide) has occurred while \output is active
 [][][][]  
 []

[119

]
Overfull \hbox (28.22433pt too wide) has occurred while \output is active
 [][][][]  
 []

[120

]
Overfull \hbox (20.79999pt too wide) in paragraph at lines 3098--3098
 [][][] 
 []


Overfull \hbox (28.22433pt too wide) has occurred while \output is active
 [][][][]  
 []

[121

]
Overfull \hbox (20.79999pt too wide) in paragraph at lines 3119--3119
 [][][] 
 []


Overfull \hbox (20.79999pt too wide) in paragraph at lines 3119--3119
 [][][] 
 []


Overfull \hbox (28.22433pt too wide) has occurred while \output is active
 [][][][]  
 []

[122

]
Overfull \hbox (28.22433pt too wide) has occurred while \output is active
 [][][][]  
 []

[123

]
Overfull \hbox (20.79999pt too wide) in paragraph at lines 3188--3188
 [][][] 
 []


Overfull \hbox (20.79999pt too wide) in paragraph at lines 3188--3188
 [][][] 
 []


Overfull \vbox (45.85901pt too high) detected at line 3188
 []


Overfull \hbox (28.22433pt too wide) has occurred while \output is active
 [][][][]  
 []

[124

]
Overfull \hbox (28.22433pt too wide) has occurred while \output is active
 [][][][]  
 []

[125

]
Overfull \hbox (20.79999pt too wide) in paragraph at lines 3233--3233
 [][][] 
 []


Overfull \hbox (28.22433pt too wide) has occurred while \output is active
 [][][][]  
 []

[126

]
Overfull \hbox (28.22433pt too wide) has occurred while \output is active
 [][][][]  
 []

[127

]
Overfull \hbox (28.22433pt too wide) has occurred while \output is active
 [][][][]  
 []

[128

]
Overfull \hbox (28.22433pt too wide) has occurred while \output is active
 [][][][]  
 []

[129

]
Overfull \hbox (28.22433pt too wide) has occurred while \output is active
 [][][][]  
 []

[130

]
Overfull \hbox (28.22433pt too wide) has occurred while \output is active
 [][][][]  
 []

[131

]
Overfull \hbox (20.79999pt too wide) in paragraph at lines 3399--3399
 [][][] 
 []


Overfull \hbox (28.22433pt too wide) has occurred while \output is active
 [][][][]  
 []

[132

]
Overfull \hbox (28.22433pt too wide) has occurred while \output is active
 [][][][]  
 []

[133

]
Overfull \hbox (28.22433pt too wide) has occurred while \output is active
 [][][][]  
 []

[134

]
Overfull \hbox (28.22433pt too wide) has occurred while \output is active
 [][][][]  
 []

[135

]
LaTeX Font Info:    Trying to load font information for TS1+cmss on input line 3515.
 (/usr/share/texlive/texmf-dist/tex/latex/base/ts1cmss.fd
File: ts1cmss.fd 2019/12/16 v2.5j Standard LaTeX font definitions
)
Overfull \hbox (28.22433pt too wide) has occurred while \output is active
 [][][][]  
 []

[136

]
Overfull \hbox (20.79999pt too wide) in paragraph at lines 3535--3535
 [][][] 
 []


Overfull \hbox (20.79999pt too wide) in paragraph at lines 3535--3535
 [][][] 
 []


Overfull \hbox (28.22433pt too wide) has occurred while \output is active
 [][][][]  
 []

[137

]
Overfull \hbox (20.79999pt too wide) in paragraph at lines 3598--3598
 [][][] 
 []


Overfull \hbox (28.22433pt too wide) has occurred while \output is active
 [][][][]  
 []

[138

]
Overfull \hbox (20.79999pt too wide) in paragraph at lines 3598--3598
 [][][] 
 []


Overfull \hbox (28.22433pt too wide) has occurred while \output is active
 [][][][]  
 []

[139

]
Overfull \hbox (20.79999pt too wide) in paragraph at lines 3598--3598
 [][][] 
 []


Overfull \vbox (18.36157pt too high) detected at line 3598
 []


Overfull \hbox (28.22433pt too wide) has occurred while \output is active
 [][][][]  
 []

[140

]
Overfull \hbox (20.79999pt too wide) in paragraph at lines 3724--3724
 [][][] 
 []


Overfull \hbox (28.22433pt too wide) has occurred while \output is active
 [][][][]  
 []

[141

]
Overfull \vbox (0.69966pt too high) detected at line 3724
 []


Overfull \hbox (28.22433pt too wide) has occurred while \output is active
 [][][][]  
 []

[142

]
Overfull \hbox (28.22433pt too wide) has occurred while \output is active
 [][][][]  
 []

[143

]
Overfull \hbox (28.22433pt too wide) has occurred while \output is active
 [][][][]  
 []

[144

]
Overfull \hbox (20.79999pt too wide) in paragraph at lines 3724--3724
 [][][] 
 []


Overfull \hbox (28.22433pt too wide) has occurred while \output is active
 [][][][]  
 []

[145

]
Overfull \hbox (28.22433pt too wide) has occurred while \output is active
 [][][][]  
 []

[146

]
Overfull \hbox (28.22433pt too wide) has occurred while \output is active
 [][][][]  
 []

[147

]
Overfull \hbox (28.22433pt too wide) has occurred while \output is active
 [][][][]  
 []

[148

]
Overfull \hbox (20.79999pt too wide) in paragraph at lines 3875--3875
 [][][] 
 []


Overfull \hbox (28.22433pt too wide) has occurred while \output is active
 [][][][]  
 []

[149

]
Overfull \hbox (20.79999pt too wide) in paragraph at lines 3875--3875
 [][][] 
 []


Overfull \hbox (28.22433pt too wide) has occurred while \output is active
 [][][][]  
 []

[150

]
Overfull \hbox (20.79999pt too wide) in paragraph at lines 3875--3875
 [][][] 
 []


Overfull \hbox (28.22433pt too wide) has occurred while \output is active
 [][][][]  
 []

[151

]
Overfull \hbox (28.22433pt too wide) has occurred while \output is active
 [][][][]  
 []

[152

]
Overfull \hbox (20.79999pt too wide) in paragraph at lines 3875--3875
 [][][] 
 []


Overfull \hbox (28.22433pt too wide) has occurred while \output is active
 [][][][]  
 []

[153

]
Overfull \hbox (20.79999pt too wide) in paragraph at lines 3875--3875
 [][][] 
 []


Overfull \hbox (28.22433pt too wide) has occurred while \output is active
 [][][][]  
 []

[154

]
Overfull \hbox (28.22433pt too wide) has occurred while \output is active
 [][][][]  
 []

[155

]
<figures/projection.png, id=5361, 443.6575pt x 226.8475pt>
File: figures/projection.png Graphic file (type png)
<use figures/projection.png>
Package pdftex.def Info: figures/projection.png  used on input line 3926.
(pdftex.def)             Requested size: 156.69104pt x 80.11778pt.

Overfull \hbox (23.52702pt too wide) detected at line 3926
[][][] $[]$[][][][][][][][] $[]$[][][][][][] 
 []


Overfull \hbox (28.22433pt too wide) has occurred while \output is active
 [][][][]  
 []

[156

 <./figures/projection.png>]
Overfull \hbox (28.22433pt too wide) has occurred while \output is active
 [][][][]  
 []

[157

]

LaTeX Warning: Empty bibliography on input line 3970.


Overfull \hbox (28.22433pt too wide) has occurred while \output is active
 [][][][]  
 []

[158

]
\tf@nav=\write7
\openout7 = `LA_Presentation_1.nav'.

\tf@toc=\write8
\openout8 = `LA_Presentation_1.toc'.

\tf@snm=\write9
\openout9 = `LA_Presentation_1.snm'.

 (./LA_Presentation_1.aux)
Package rerunfilecheck Info: File `LA_Presentation_1.out' has not changed.
(rerunfilecheck)             Checksum: D78F37182D32757782A394B9894FB917;5293.
Package logreq Info: Writing requests to 'LA_Presentation_1.run.xml'.
\openout1 = `LA_Presentation_1.run.xml'.

 ) 
Here is how much of TeX's memory you used:
 34817 strings out of 480247
 704526 string characters out of 5896152
 1368327 words of memory out of 5000000
 51740 multiletter control sequences out of 15000+600000
 494142 words of font info for 94 fonts, out of 8000000 for 9000
 14 hyphenation exceptions out of 8191
 128i,21n,122p,838b,1067s stack positions out of 5000i,500n,10000p,200000b,80000s
{/usr/share/texmf/fonts/enc/dvips/cm-super/cm-super-t1.enc}{/usr/share/texmf/fonts/enc/dvips/cm-super/cm-super-ts1.enc}</usr/share/texlive/texmf-dist/fonts/type1/public/amsfonts/cm/cmbx10.pfb></usr/share/texlive/texmf-dist/fonts/type1/public/amsfonts/cm/cmbx12.pfb></usr/share/texlive/texmf-dist/fonts/type1/public/amsfonts/cm/cmbx7.pfb></usr/share/texlive/texmf-dist/fonts/type1/public/amsfonts/cm/cmex10.pfb></usr/share/texlive/texmf-dist/fonts/type1/public/amsfonts/cmextra/cmex9.pfb></usr/share/texlive/texmf-dist/fonts/type1/public/amsfonts/cm/cmmi10.pfb></usr/share/texlive/texmf-dist/fonts/type1/public/amsfonts/cm/cmmi12.pfb></usr/share/texlive/texmf-dist/fonts/type1/public/amsfonts/cm/cmmi6.pfb></usr/share/texlive/texmf-dist/fonts/type1/public/amsfonts/cm/cmmi7.pfb></usr/share/texlive/texmf-dist/fonts/type1/public/amsfonts/cm/cmmi9.pfb></usr/share/texlive/texmf-dist/fonts/type1/public/amsfonts/cm/cmr10.pfb></usr/share/texlive/texmf-dist/fonts/type1/public/amsfonts/cm/cmr12.pfb></usr/share/texlive/texmf-dist/fonts/type1/public/amsfonts/cm/cmr5.pfb></usr/share/texlive/texmf-dist/fonts/type1/public/amsfonts/cm/cmr6.pfb></usr/share/texlive/texmf-dist/fonts/type1/public/amsfonts/cm/cmr7.pfb></usr/share/texlive/texmf-dist/fonts/type1/public/amsfonts/cm/cmr8.pfb></usr/share/texlive/texmf-dist/fonts/type1/public/amsfonts/cm/cmr9.pfb></usr/share/texlive/texmf-dist/fonts/type1/public/amsfonts/cm/cmsy10.pfb></usr/share/texlive/texmf-dist/fonts/type1/public/amsfonts/cm/cmsy7.pfb></usr/share/texlive/texmf-dist/fonts/type1/public/amsfonts/cm/cmsy8.pfb></usr/share/texlive/texmf-dist/fonts/type1/public/amsfonts/cm/cmsy9.pfb></usr/share/texlive/texmf-dist/fonts/type1/public/amsfonts/symbols/msbm10.pfb></usr/share/texmf/fonts/type1/public/cm-super/sfsi0900.pfb></usr/share/texmf/fonts/type1/public/cm-super/sfsi1000.pfb></usr/share/texmf/fonts/type1/public/cm-super/sfso1000.pfb></usr/share/texmf/fonts/type1/public/cm-super/sfss0500.pfb></usr/share/texmf/fonts/type1/public/cm-super/sfss0700.pfb></usr/share/texmf/fonts/type1/public/cm-super/sfss0900.pfb></usr/share/texmf/fonts/type1/public/cm-super/sfss1000.pfb></usr/share/texmf/fonts/type1/public/cm-super/sfss1200.pfb></usr/share/texmf/fonts/type1/public/cm-super/sfss1440.pfb></usr/share/texmf/fonts/type1/public/cm-super/sfsx0500.pfb></usr/share/texmf/fonts/type1/public/cm-super/sfsx1000.pfb></usr/share/texmf/fonts/type1/public/cm-super/sftt0800.pfb></usr/share/texmf/fonts/type1/public/cm-super/sftt1000.pfb>
Output written on LA_Presentation_1.pdf (158 pages, 2160805 bytes).
PDF statistics:
 5672 PDF objects out of 6186 (max. 8388607)
 4901 compressed objects within 50 object streams
 346 named destinations out of 1000 (max. 500000)
 3017 words of extra memory for PDF output out of 10000 (max. 10000000)

